
  [39;41;1m FAIL [39;49;22m[39m Tests\Feature\StudentBalanceServiceTest[39m
  [32;1mΓ£ô[39;22m[90m [39m[90mrecalculate persists correct totals for statement[39m[90m                  [39m [90m11.58s[39m  
  [31;1mΓ¿»[39;22m[90m [39m[90mrecalculate tracks current term overpayment credit[39m[90m                  [39m [90m0.49s[39m  
  [31mΓöÇΓöÇΓöÇΓöÇΓöÇΓöÇΓöÇΓöÇΓöÇΓöÇΓöÇΓöÇΓöÇΓöÇΓöÇΓöÇΓöÇΓöÇΓöÇΓöÇΓöÇΓöÇΓöÇΓöÇΓöÇΓöÇΓöÇΓöÇΓöÇΓöÇΓöÇΓöÇΓöÇΓöÇΓöÇΓöÇΓöÇΓöÇΓöÇΓöÇΓöÇΓöÇΓöÇΓöÇΓöÇΓöÇΓöÇΓöÇΓöÇΓöÇΓöÇΓöÇΓöÇΓöÇΓöÇΓöÇΓöÇΓöÇΓöÇΓöÇΓöÇΓöÇΓöÇΓöÇΓöÇΓöÇΓöÇΓöÇΓöÇΓöÇΓöÇΓöÇΓöÇΓöÇΓöÇΓöÇ[39m  
  [41;1m FAILED [49;22m [1mTests\Feature\StudentBalanceServiceTest[22m [90m>[39m recalculate tracks currΓÇª   
[39;1m  Failed asserting that two strings are identical.
--- Expected
+++ Actual
@@ @@
-'8000.00'
+'0.00'[39;22m

  at [32mtests\Feature\StudentBalanceServiceTest.php[39m:[32m223[39m
    219Γûò         $service = app(StudentBalanceService::class);
    220Γûò         $balance = $service->recalculate($student);
    221Γûò 
    222Γûò         $this->assertSame('8000.00', (string) $balance->invoiced_total);
  Γ₧£ 223Γûò         $this->assertSame('8000.00', (string) $balance->paid_total);
    224Γûò         $this->assertSame('0.00', (string) $balance->balance);
    225Γûò         $this->assertSame('1000.00', (string) $balance->credit_total);
    226Γûò     }
    227Γûò }

  [33m1   [39m[39;1mtests\Feature\StudentBalanceServiceTest.php[39;22m:[39;1m223[39;22m


  [90mTests:[39m    [31;1m1 failed[39;22m[90m,[39m[39m [39m[32;1m1 passed[39;22m[90m (5 assertions)[39m
  [90mDuration:[39m [39m12.92s[39m

